EIGENVALUES:
         Modulus            Real       Imaginary
               4               4               0


There are 1 eigenvalue(s) larger than 1 in modulus
for 0 forward-looking variable(s)
