EIGENVALUES:
         Modulus            Real       Imaginary
               1               1               0
               1               1               0


There are 1 eigenvalue(s) larger than 1 in modulus
for 0 forward-looking variable(s)

1 eigenvalue(s) are within tolerance 5e-11 equal to 1
