y = c + i + g(-1)
yd = y - t
t = t0 + t1 * y
c = 0.1 * yd_lag_2(-1) + 0.25 * yd_lead_2(1) + c0 + c1 * yd(-1) + c2 * yd + c3
    * yd(1) + c4 * r + c5 * r ^ 2 + 0.1 * yd_lag_1(-1)
i = i5 * r ^ 2 + i4 * r + i0 + i1 * y(-1) + i2 * y + i3 * y(1) + 0.01 *
    y_lag_3(-1)
md = m0 + m1 * y + m2 * r + m3 * r ^ 2
md = ms
yd_lead_1 = yd(1)
yd_lead_2 = yd_lead_1(1)
yd_lag_1 = yd(-1)
yd_lag_2 = yd_lag_1(-1)
y_lag_1 = y(-1)
y_lag_2 = y_lag_1(-1)
y_lag_3 = y_lag_2(-1)
