d*(c-h*c(-1)*mu_z^(-1))^(-1)-h*betta*d(+1)*(c(+1)*mu_z(+1)-h*c)^(-1)=lambda
lambda=betta*lambda(+1)*mu_z(+1)^(-1)/PI(+1)*R
r=gammma1+gammma2*(u-1)
q=betta*lambda(+1)/lambda*mu_z(+1)^(-1)*mu_I(+1)^(-1)*((1-delta)*q(+1)+r(+1)*u(+1)-(gammma1*(u(+1)-1)+gammma2/2*(u(+1)-1)^2))
1=q*(1-(kappa/2*(x/x(-1)*mu_z-Lambdax)^2)-(kappa*(x/x(-1)*mu_z-Lambdax)*x/x(-1)*mu_z))
  +betta*q(+1)*lambda(+1)/lambda*mu_z(+1)^(-1)*kappa*(x(+1)/x*mu_z(+1)-Lambdax)*(x(+1)/x*mu_z(+1))^2
f=(eta-1)/eta*wstar^(1-eta)*lambda*w^eta*ld+betta*thetaw*(PI^chiw/PI(+1))^(1-eta)*(wstar(+1)/wstar*mu_z(+1))^(eta-1)*f(+1)
f=varpsi*d*phi*PIstarw^(-eta*(1+gammma))*ld^(1+gammma)+betta*thetaw*(PI^chiw/PI(+1))^(-eta*(1+gammma))*(wstar(+1)/wstar*mu_z(+1))^(eta*(1+gammma))*f(+1)
g1=lambda*mc*yd+betta*thetap*(PI^chi/PI(+1))^(-epsilon)*g1(+1)
g2=lambda*PIstar*yd+betta*thetap*(PI^chi/PI(+1))^(1-epsilon)*PIstar/PIstar(+1)*g2(+1)
epsilon*g1=(epsilon-1)*g2
u*k/ld=alppha/(1-alppha)*w/r*mu_z*mu_I
mc=(1/(1-alppha))^(1-alppha)*(1/alppha)^alppha*w^(1-alppha)*r^alppha
1=thetaw*(PI(-1)^chiw/PI)^(1-eta)*(w(-1)/w*mu_z^(-1))^(1-eta)+(1-thetaw)*PIstarw^(1-eta)
1=thetap*(PI(-1)^chi/PI)^(1-epsilon)+(1-thetap)*PIstar^(1-epsilon)
R/Rbar=(R(-1)/Rbar)^gammmaR*((PI/PIbar)^gammmaPI*((yd/yd(-1)*mu_z)/exp(LambdaYd))^gammmay)^(1-gammmaR)*exp(epsm)
yd=c+x+mu_z^(-1)*mu_I^(-1)*(gammma1*(u-1)+gammma2/2*(u-1)^2)*k
yd=(mu_A*mu_z^(-1)*(u*k)^alppha*ld^(1-alppha)-Phi)/vp
l=vw*ld
vp=thetap*(PI(-1)^chi/PI)^(-epsilon)*vp(-1)+(1-thetap)*PIstar^(-epsilon)
vw=thetaw*(w(-1)/w*mu_z^(-1)*PI(-1)^chiw/PI)^(-eta)*vw(-1)+(1-thetaw)*(PIstarw)^(-eta)
k(+1)*mu_z*mu_I-(1-delta)*k-mu_z*mu_I*(1-kappa/2*(x/x(-1)*mu_z-Lambdax)^2)*x=0
F=yd-1/(1-alppha)*w*ld
PIstarw=wstar/w
log(d)=rhod*log(d(-1))+epsd
log(phi)=rhophi*log(phi(-1))+epsphi
log(mu_I)=Lambdamu+epsmu_I
log(mu_A)=LambdaA+epsA
mu_z=mu_A^(1/(1-alppha))*mu_I^(alppha/(1-alppha))
