[1] "\\documentclass[10pt,a4paper]{article}"
[2] "\\usepackage[landscape]{geometry}"     
[3] "\\usepackage{fullpage}"                
[4] "\\usepackage{amsfonts}"                
[5] "\\usepackage{breqn}"                   
[6] "\\begin{document}"                     
[7] "\\footnotesize"                        
[8] "\\include{islm_trend_static_content}"  
[9] "\\end{document}"                       
