 [1] "% Equation 1"                                                                                                                                         
 [2] "\\begin{dmath}"                                                                                                                                       
 [3] "\\label{tax_original}"                                                                                                                                
 [4] "{t_{t}}=-2e+01\\, {gr_{t}}+0.2\\, {y_{t}}+{gr_{t}}\\, {ut_{t}}"                                                                                       
 [5] "\\end{dmath}"                                                                                                                                         
 [6] ""                                                                                                                                                     
 [7] "% Equation 2"                                                                                                                                         
 [8] "\\begin{dmath}"                                                                                                                                       
 [9] "{y_{t}}={c_{t}}+{i_{t}}+{gr_{t}}\\, {g_{t}}"                                                                                                          
[10] "\\end{dmath}"                                                                                                                                         
[11] ""                                                                                                                                                     
[12] "% Equation 3"                                                                                                                                         
[13] "\\begin{dmath}"                                                                                                                                       
[14] "{yd_{t}}={y_{t}}-{t_{t}}"                                                                                                                             
[15] "\\end{dmath}"                                                                                                                                         
[16] ""                                                                                                                                                     
[17] "% Equation 4"                                                                                                                                         
[18] "\\begin{dmath}"                                                                                                                                       
[19] "{c_{t}}=1e+02\\, {gr_{t}}+0.3\\, {yd_{t-1}}+0.3\\, {yd_{t}}+0.1\\, {yd_{t+1}}+\\left(-2e+01\\, {r_{t}}+1\\, {r_{t}}^{2}+{uc_{t}}\\right)\\, {y_{t-1}}"
[20] "\\end{dmath}"                                                                                                                                         
[21] ""                                                                                                                                                     
[22] "% Equation 5"                                                                                                                                         
[23] "\\begin{dmath}"                                                                                                                                       
[24] "{i_{t}}=1e+02\\, {gr_{t}}+0.1\\, {y_{t-1}}+0.08\\, {y_{t}}+0.04\\, {y_{t+1}}+{y_{t-1}}\\, \\left(-4e+01\\, {r_{t}}+-2\\, {r_{t}}^{2}+{ui_{t}}\\right)"
[25] "\\end{dmath}"                                                                                                                                         
[26] ""                                                                                                                                                     
[27] "% Equation 6"                                                                                                                                         
[28] "\\begin{dmath}"                                                                                                                                       
[29] "{md_{t}}=8e+01+\\frac{0.2\\, {y_{t}}}{{gr_{t}}}+-4e+01\\, {r_{t}}+-2\\, {r_{t}}^{2}+{umd_{t}}"                                                        
[30] "\\end{dmath}"                                                                                                                                         
[31] ""                                                                                                                                                     
[32] "% Equation 7"                                                                                                                                         
[33] "\\begin{dmath}"                                                                                                                                       
[34] "{md_{t}}={ms_{t}}"                                                                                                                                    
[35] "\\end{dmath}"                                                                                                                                         
[36] ""                                                                                                                                                     
[37] "% Equation 8"                                                                                                                                         
[38] "\\begin{dmath}"                                                                                                                                       
[39] "{ms_{t}}={ms_{t-1}}"                                                                                                                                  
[40] "\\end{dmath}"                                                                                                                                         
[41] ""                                                                                                                                                     
