t = t0 * gr + t1 * y + ut * gr
y = c + i + g * gr
yd = y - t
c = c0 *gr + c1 * yd(-1) + c2 * yd + c3 * yd(+1) + (c4 * r + c5 * r^2 + uc) * y(-1)
i = i0 *gr + i1 * y(-1) + i2 * y + i3 * y(+1) + (i4 * r + i5 * r^2 + ui) * y(-1)
md = m0 + m1 * y / gr + m2 * r + m3 * r^2 + umd
md = ms
[dynamic]
ms = ms(-1)
(sigma_ut >= 0) * (ut / sigma_ut^2 + l_1 * ((-1))) + (sigma_ut < 0) * (ut -
    ut_old) = 0
(sigma_uc >= 0) * (uc / sigma_uc^2 + l_4 * ((-(y(-1) * 1 / (1 + growth))))) +
    (sigma_uc < 0) * (uc - uc_old) = 0
(sigma_umd >= 0) * (umd / sigma_umd^2 + l_6 * ((-1))) + (sigma_umd < 0) * (umd
    - umd_old) = 0
(sigma_ui >= 0) * (ui / sigma_ui^2 + l_5 * ((-(y(-1) * 1 / (1 + growth))))) +
    (sigma_ui < 0) * (ui - ui_old) = 0
[dynamic]
fit_y * (y - y_exo) + (1 - fit_y) * (l_1 * ((-t1)) + l_2 * (1) + l_3 * ((-1)) +
    l_4(1) * ((-((c4 * r(1) + c5 * r(1) ^ 2 + uc(1)) * 1 / (1 + growth(1))))) +
    l_5(-1) * ((-(i3 * (1 + growth)))) + l_5 * ((-i2)) + l_5(1) * ((-(i1 * 1 /
    (1 + growth(1)) + (i4 * r(1) + i5 * r(1) ^ 2 + ui(1)) * 1 / (1 +
    growth(1))))) + l_6 * ((-m1))) = 0
[dynamic]
fit_yd * (yd - yd_exo) + (1 - fit_yd) * (l_3 * (1) + l_4(-1) * ((-(c3 * (1 +
    growth)))) + l_4 * ((-c2)) + l_4(1) * ((-(c1 * 1 / (1 + growth(1)))))) = 0
fit_c * (c - c_exo) + (1 - fit_c) * (l_2 * ((-1)) + l_4 * (1)) = 0
fit_i * (i - i_exo) + (1 - fit_i) * (l_2 * ((-1)) + l_5 * (1)) = 0
fit_t * (t - t_exo) + (1 - fit_t) * (l_1 * (1) + l_3 * (1)) = 0
fit_r * (r - r_exo) + (1 - fit_r) * (l_4 * ((-(y(-1) * 1 / (1 + growth) * (c4 +
    c5 * 2 * r)))) + l_5 * ((-(y(-1) * 1 / (1 + growth) * (i4 + i5 * 2 * r))))
    + l_6 * ((-(m2 + m3 * 2 * r)))) = 0
[dynamic]
fit_ms * (ms - ms_exo) + (1 - fit_ms) * (l_7 * ((-1)) + l_8 * (1) + l_8(1) *
    ((-1))) = 0
fit_md * (md - md_exo) + (1 - fit_md) * (l_6 * (1) + l_7 * (1)) = 0
