t = ut + t0 + t1 * y
y = c + i + g
yd = y - t
c = c2 * yd + c0 + c1 * yd * 1 / (1 + growth) + c3 * yd * (1 + growth) + (c4 *
    r + c5 * r ^ 2 + uc) * y * 1 / (1 + growth)
i = i2 * y + i0 + i1 * y * 1 / (1 + growth) + i3 * y * (1 + growth) + y * 1 /
    (1 + growth) * (i4 * r + i5 * r ^ 2 + ui)
md = umd + m3 * r ^ 2 + m2 * r + m0 + m1 * y
md = ms
ms = p_ms
(sigma_ut >= 0) * (ut / sigma_ut ^ 2 - l_1) + (sigma_ut < 0) * (ut - ut_old) =
    0
(sigma_uc >= 0) * (uc / sigma_uc ^ 2 + l_4 * (-(y / (1 + growth)))) + (sigma_uc
    < 0) * (uc - uc_old) = 0
(sigma_umd >= 0) * (umd / sigma_umd ^ 2 - l_6) + (sigma_umd < 0) * (umd -
    umd_old) = 0
(sigma_ui >= 0) * (ui / sigma_ui ^ 2 + (-(y / (1 + growth))) * l_5) + (sigma_ui
    < 0) * (ui - ui_old) = 0
fit_y * (y - y_exo) + (1 - fit_y) * (l_1 * (-t1) + l_2 - l_3 + l_4 * (-(1 / (1
    + growth) * (c4 * r + c5 * r ^ 2 + uc))) + l_5 * (-(i2 + i1 / (1 + growth)
    + i3 * (1 + growth) + 1 / (1 + growth) * (i4 * r + i5 * r ^ 2 + ui))) + l_6
    * (-m1)) = 0
fit_yd * (yd - yd_exo) + (1 - fit_yd) * (l_3 + l_4 * (-(c2 + c1 / (1 + growth)
    + c3 * (1 + growth)))) = 0
fit_c * (c - c_exo) + (1 - fit_c) * (l_4 - l_2) = 0
fit_i * (i - i_exo) + (1 - fit_i) * (l_5 - l_2) = 0
fit_t * (t - t_exo) + (1 - fit_t) * (l_1 + l_3) = 0
fit_r * (r - r_exo) + (1 - fit_r) * (l_4 * (-(y / (1 + growth) * (c4 + r * c5 *
    2))) + l_5 * (-(y / (1 + growth) * (i4 + r * i5 * 2))) + l_6 * (-(m2 + r *
    m3 * 2))) = 0
fit_ms * (ms - ms_exo) + (1 - fit_ms) * ((-l_7) + l_8) = 0
fit_md * (md - md_exo) + (1 - fit_md) * (l_6 + l_7) = 0
