[1] "\\label{tax_static_fit_single}" "{t}={ut}+-2e+01+0.2\\, {y}"    
