
Solving backwards for period 2015/2033
Error solving model in period 2015:
The maximum number of iterations (100) has been reached
Backwards solve failed at period 2015. Total number of iterations: XXX.


++++++++++ HOMOTOPY ++++++++++++++++++++++++++++++++++++++++++++++++++++++++++++

-------> HOMOTOPY iteration = 1, lambda = 0.5 <------

Error solving model in period 2015:
The maximum number of iterations (100) has been reached
Backwards solve failed at period 2015. Total number of iterations: XXX.

-------> HOMOTOPY iteration = 2, lambda = 0.25 <------

Backwards solve succesfull. Total number of iterations: XXX.

-------> HOMOTOPY iteration = 3, lambda = 0.5 <------

Backwards solve succesfull. Total number of iterations: XXX.

-------> HOMOTOPY iteration = 4, lambda = 0.75 <------

Backwards solve succesfull. Total number of iterations: XXX.

-------> HOMOTOPY iteration = 5, lambda = 1 <------

Backwards solve succesfull. Total number of iterations: XXX.

++++++++++ HOMOTOPY SUCCESFUL after 5 iterations +++++++++++++++++++++++++++++++
