Function value contains non-finite values (starting at index=2)
Non-finite values in residuals for the following equations:
eq 2 
-Inf 
