Function value contains non-finite values (starting at index=2)
Non-finite values in residuals for the following equations and periods:
       eq_2
2018Q1 -Inf
