            y1        y2        y3        y4        y5
2018 0.7832639 0.8559099 0.3722389 0.3836666 0.8559099
