[1] "For the internal calculation mode the specified name of the first derivative function is ignored"
[2] "For the internal calculation mode the specified name of the first derivative function is ignored"
