     y1 y2 y3 y4 y5 y6 y7
2015  0  0  1  1  0  1  0
2016  1  1  1  0  1  0  0
2017  1  1  0  0  1  0  1
2018  1  1  0  0  1  0  1
