Non-finite values in residuals for the following equations:
eq 1 eq 4 
 NaN  NaN 
