 [1] "Numerical problem in eq. 2 for 2018q1: log(-1.1e+23)"  
 [2] "Numerical problem in eq. 3 for 2018q1: (-1.1e+23)^0.33"
 [3] "Numerical problem in eq. 4 for 2018q1: sqrt(-1.1e+23)" 
 [4] "Numerical problem in eq. 2 for 2018q2: log(-1)"        
 [5] "Numerical problem in eq. 3 for 2018q2: (-1)^0.33"      
 [6] "Numerical problem in eq. 4 for 2018q2: sqrt(-1)"       
 [7] "Numerical problem in eq. 2 for 2018q3: log(-1.2e-19)"  
 [8] "Numerical problem in eq. 3 for 2018q3: (-1.2e-19)^0.33"
 [9] "Numerical problem in eq. 4 for 2018q3: sqrt(-1.2e-19)" 
[10] "Numerical problem in eq. 1 for 2018q4: division by 0"  
[11] "Numerical problem in eq. 2 for 2018q4: log(0)"         
