y = c + i + g
[dynamic]
yd - (y - t)
t = t0 + t1 * y
[name = 'consumption']
c = c0 + c1 * yd(-1) + c2 * yd + c3 * yd(+1) + c4 * r + c5 * r^2
[name = 'income', dynamic]
i = i0 + i1 * y(-1) + i2 * y + i3 * y(+1) + i4 * r + i5 * r^2
md = m0 + m1 * y + m2 * r + m3 * r^2
[dynamic, name = 'money demand']
md = ms
