WARNING: Can't find a numeric initial value for parameter c0, using zero
WARNING: Can't find a numeric initial value for parameter t1, using zero
