 [1] "% Equation 1"                                                                                                                                                                                                                                                                                  
 [2] "\\begin{dmath}"                                                                                                                                                                                                                                                                                
 [3] "{t}=-15+0.22\\, {y}+{ut}"                                                                                                                                                                                                                                                                      
 [4] "\\end{dmath}"                                                                                                                                                                                                                                                                                  
 [5] ""                                                                                                                                                                                                                                                                                              
 [6] "% Equation 2"                                                                                                                                                                                                                                                                                  
 [7] "\\begin{dmath}"                                                                                                                                                                                                                                                                                
 [8] "{y}={c}+{i}+{g}"                                                                                                                                                                                                                                                                               
 [9] "\\end{dmath}"                                                                                                                                                                                                                                                                                  
[10] ""                                                                                                                                                                                                                                                                                              
[11] "% Equation 3"                                                                                                                                                                                                                                                                                  
[12] "\\begin{dmath}"                                                                                                                                                                                                                                                                                
[13] "\\label{dispensible_income_static_fit}"                                                                                                                                                                                                                                                        
[14] "{yd}={y}-{t}"                                                                                                                                                                                                                                                                                  
[15] "\\end{dmath}"                                                                                                                                                                                                                                                                                  
[16] ""                                                                                                                                                                                                                                                                                              
[17] "% Equation 4"                                                                                                                                                                                                                                                                                  
[18] "\\begin{dmath}"                                                                                                                                                                                                                                                                                
[19] "{c}=100+0.2812\\, {yd}+0.32\\, {yd}+0.1\\, {yd}+-20\\, {r}+1\\, {r}^{2}+{uc}"                                                                                                                                                                                                                  
[20] "\\end{dmath}"                                                                                                                                                                                                                                                                                  
[21] ""                                                                                                                                                                                                                                                                                              
[22] "% Equation 5"                                                                                                                                                                                                                                                                                  
[23] "\\begin{dmath}"                                                                                                                                                                                                                                                                                
[24] "{i}=100+0.12\\, {y}+0.08\\, {y}+0.04\\, {y}+-40\\, {r}+-1.5\\, {r}^{2}+{ui}"                                                                                                                                                                                                                   
[25] "\\end{dmath}"                                                                                                                                                                                                                                                                                  
[26] ""                                                                                                                                                                                                                                                                                              
[27] "% Equation 6"                                                                                                                                                                                                                                                                                  
[28] "\\begin{dmath}"                                                                                                                                                                                                                                                                                
[29] "{md}=75+0.23\\, {y}+-35\\, {r}+-1.5\\, {r}^{2}+{umd}"                                                                                                                                                                                                                                          
[30] "\\end{dmath}"                                                                                                                                                                                                                                                                                  
[31] ""                                                                                                                                                                                                                                                                                              
[32] "% Equation 7"                                                                                                                                                                                                                                                                                  
[33] "\\begin{dmath}"                                                                                                                                                                                                                                                                                
[34] "{md}={ms}"                                                                                                                                                                                                                                                                                     
[35] "\\end{dmath}"                                                                                                                                                                                                                                                                                  
[36] ""                                                                                                                                                                                                                                                                                              
[37] "% Equation 8"                                                                                                                                                                                                                                                                                  
[38] "\\begin{dmath}"                                                                                                                                                                                                                                                                                
[39] "\\left(-1\\geq 0\\right)\\, \\left(\\frac{{ut}}{-1^{2}}-{{l\\_1}}\\right)+\\left(-1<0\\right)\\, \\left({ut}-{{ut\\_old}}\\right)=0"                                                                                                                                                           
[40] "\\end{dmath}"                                                                                                                                                                                                                                                                                  
[41] ""                                                                                                                                                                                                                                                                                              
[42] "% Equation 9"                                                                                                                                                                                                                                                                                  
[43] "\\begin{dmath}"                                                                                                                                                                                                                                                                                
[44] "\\left(-1\\geq 0\\right)\\, \\left(\\frac{{uc}}{-1^{2}}-{{l\\_4}}\\right)+\\left(-1<0\\right)\\, \\left({uc}-{{uc\\_old}}\\right)=0"                                                                                                                                                           
[45] "\\end{dmath}"                                                                                                                                                                                                                                                                                  
[46] ""                                                                                                                                                                                                                                                                                              
[47] "% Equation 10"                                                                                                                                                                                                                                                                                 
[48] "\\begin{dmath}"                                                                                                                                                                                                                                                                                
[49] "\\left(-1\\geq 0\\right)\\, \\left(\\frac{{umd}}{-1^{2}}-{{l\\_6}}\\right)+\\left(-1<0\\right)\\, \\left({umd}-{{umd\\_old}}\\right)=0"                                                                                                                                                        
[50] "\\end{dmath}"                                                                                                                                                                                                                                                                                  
[51] ""                                                                                                                                                                                                                                                                                              
[52] "% Equation 11"                                                                                                                                                                                                                                                                                 
[53] "\\begin{dmath}"                                                                                                                                                                                                                                                                                
[54] "\\left(-1\\geq 0\\right)\\, \\left(\\frac{{ui}}{-1^{2}}-{{l\\_5}}\\right)+\\left(-1<0\\right)\\, \\left({ui}-{{ui\\_old}}\\right)=0"                                                                                                                                                           
[55] "\\end{dmath}"                                                                                                                                                                                                                                                                                  
[56] ""                                                                                                                                                                                                                                                                                              
[57] "% Equation 12"                                                                                                                                                                                                                                                                                 
[58] "\\begin{dmath}"                                                                                                                                                                                                                                                                                
[59] "{{fit\\_y}}\\, \\left({y}-{{y\\_exo}}\\right)+\\left(1-{{fit\\_y}}\\right)\\, \\left({{l\\_1}}\\, \\left(-0.22\\right)+{{l\\_2}}-{{l\\_3}}+{{l\\_5}}\\, \\left(-0.04\\right)+{{l\\_5}}\\, \\left(-0.08\\right)+{{l\\_5}}\\, \\left(-0.12\\right)+{{l\\_6}}\\, \\left(-0.23\\right)\\right)=0"  
[60] "\\end{dmath}"                                                                                                                                                                                                                                                                                  
[61] ""                                                                                                                                                                                                                                                                                              
[62] "% Equation 13"                                                                                                                                                                                                                                                                                 
[63] "\\begin{dmath}"                                                                                                                                                                                                                                                                                
[64] "{{fit\\_yd}}\\, \\left({yd}-{{yd\\_exo}}\\right)+\\left(1-{{fit\\_yd}}\\right)\\, \\left({{l\\_3}}+{{l\\_4}}\\, \\left(-0.1\\right)+{{l\\_4}}\\, \\left(-0.32\\right)+{{l\\_4}}\\, \\left(-0.2812\\right)\\right)=0"                                                                           
[65] "\\end{dmath}"                                                                                                                                                                                                                                                                                  
[66] ""                                                                                                                                                                                                                                                                                              
[67] "% Equation 14"                                                                                                                                                                                                                                                                                 
[68] "\\begin{dmath}"                                                                                                                                                                                                                                                                                
[69] "{{fit\\_c}}\\, \\left({c}-{{c\\_exo}}\\right)+\\left(1-{{fit\\_c}}\\right)\\, \\left({{l\\_4}}-{{l\\_2}}\\right)=0"                                                                                                                                                                            
[70] "\\end{dmath}"                                                                                                                                                                                                                                                                                  
[71] ""                                                                                                                                                                                                                                                                                              
[72] "% Equation 15"                                                                                                                                                                                                                                                                                 
[73] "\\begin{dmath}"                                                                                                                                                                                                                                                                                
[74] "{{fit\\_i}}\\, \\left({i}-{{i\\_exo}}\\right)+\\left(1-{{fit\\_i}}\\right)\\, \\left({{l\\_5}}-{{l\\_2}}\\right)=0"                                                                                                                                                                            
[75] "\\end{dmath}"                                                                                                                                                                                                                                                                                  
[76] ""                                                                                                                                                                                                                                                                                              
[77] "% Equation 16"                                                                                                                                                                                                                                                                                 
[78] "\\begin{dmath}"                                                                                                                                                                                                                                                                                
[79] "{{fit\\_md}}\\, \\left({md}-{{md\\_exo}}\\right)+\\left(1-{{fit\\_md}}\\right)\\, \\left({{l\\_6}}+{{l\\_7}}\\right)=0"                                                                                                                                                                        
[80] "\\end{dmath}"                                                                                                                                                                                                                                                                                  
[81] ""                                                                                                                                                                                                                                                                                              
[82] "% Equation 17"                                                                                                                                                                                                                                                                                 
[83] "\\begin{dmath}"                                                                                                                                                                                                                                                                                
[84] "{{fit\\_r}}\\, \\left({r}-{{r\\_exo}}\\right)+\\left(1-{{fit\\_r}}\\right)\\, \\left({{l\\_4}}\\, \\left(-\\left(-20+{r}\\, 1\\, 2\\right)\\right)+{{l\\_5}}\\, \\left(-\\left(-40+{r}\\, -1.5\\, 2\\right)\\right)+{{l\\_6}}\\, \\left(-\\left(-35+{r}\\, -1.5\\, 2\\right)\\right)\\right)=0"
[85] "\\end{dmath}"                                                                                                                                                                                                                                                                                  
[86] ""                                                                                                                                                                                                                                                                                              
[87] "% Equation 18"                                                                                                                                                                                                                                                                                 
[88] "\\begin{dmath}"                                                                                                                                                                                                                                                                                
[89] "{{fit\\_t}}\\, \\left({t}-{{t\\_exo}}\\right)+\\left(1-{{fit\\_t}}\\right)\\, \\left({{l\\_1}}+{{l\\_3}}\\right)=0"                                                                                                                                                                            
[90] "\\end{dmath}"                                                                                                                                                                                                                                                                                  
[91] ""                                                                                                                                                                                                                                                                                              
