[1] "\\label{consumption_static_single}"                                         
[2] "{c}={c0}+{c1}\\, {yd}+{c2}\\, {yd}+{c3}\\, {yd}+{c4}\\, {r}+{c5}\\, {r}^{2}"
