 [1] "% Equation 1"                                                               
 [2] "\\begin{dmath}"                                                             
 [3] "\\label{income_static}"                                                     
 [4] "{y}={c}+{i}+{g}"                                                            
 [5] "\\end{dmath}"                                                               
 [6] ""                                                                           
 [7] "% Equation 2"                                                               
 [8] "\\begin{dmath}"                                                             
 [9] "{yd}={y}-{t}"                                                               
[10] "\\end{dmath}"                                                               
[11] ""                                                                           
[12] "% Equation 3"                                                               
[13] "\\begin{dmath}"                                                             
[14] "{t}={t0}+{t1}\\, {y}"                                                       
[15] "\\end{dmath}"                                                               
[16] ""                                                                           
[17] "% Equation 4"                                                               
[18] "\\begin{dmath}"                                                             
[19] "\\label{consumption_static}"                                                
[20] "{c}={c0}+{c1}\\, {yd}+{c2}\\, {yd}+{c3}\\, {yd}+{c4}\\, {r}+{c5}\\, {r}^{2}"
[21] "\\end{dmath}"                                                               
[22] ""                                                                           
[23] "% Equation 5"                                                               
[24] "\\begin{dmath}"                                                             
[25] "{i}={i0}+{i1}\\, {y}+{i2}\\, {y}+{i3}\\, {y}+{i4}\\, {r}+{i5}\\, {r}^{2}"   
[26] "\\end{dmath}"                                                               
[27] ""                                                                           
[28] "% Equation 6"                                                               
[29] "\\begin{dmath}"                                                             
[30] "{md}={m0}+{m1}\\, {y}+{m2}\\, {r}+{m3}\\, {r}^{2}"                          
[31] "\\end{dmath}"                                                               
[32] ""                                                                           
[33] "% Equation 7"                                                               
[34] "\\begin{dmath}"                                                             
[35] "{md}={ms}"                                                                  
[36] "\\end{dmath}"                                                               
[37] ""                                                                           
