[1] "\\label{dispensible_income_static_single}"
[2] "{yd}={y}-{t}"                             
