[1] "\\label{dispensible_income_static_fit_single}"
[2] "{yd}={y}-{t}"                                 
