 [1] "% Equation 1"                                                                                           
 [2] "\\begin{dmath}"                                                                                         
 [3] "\\label{income_dynamic}"                                                                                
 [4] "{y_{t}}={c_{t}}+{i_{t}}+{g_{t}}"                                                                        
 [5] "\\end{dmath}"                                                                                           
 [6] ""                                                                                                       
 [7] "% Equation 2"                                                                                           
 [8] "\\begin{dmath}"                                                                                         
 [9] "{yd_{t}}={y_{t}}-{t_{t}}"                                                                               
[10] "\\end{dmath}"                                                                                           
[11] ""                                                                                                       
[12] "% Equation 3"                                                                                           
[13] "\\begin{dmath}"                                                                                         
[14] "{t_{t}}={t0}+{t1}\\, {y_{t}}"                                                                           
[15] "\\end{dmath}"                                                                                           
[16] ""                                                                                                       
[17] "% Equation 4"                                                                                           
[18] "\\begin{dmath}"                                                                                         
[19] "\\label{consumption_dynamic}"                                                                           
[20] "{c_{t}}={c0}+{c1}\\, {yd_{t-1}}+{c2}\\, {yd_{t}}+{c3}\\, {yd_{t+1}}+{c4}\\, {r_{t}}+{c5}\\, {r_{t}}^{2}"
[21] "\\end{dmath}"                                                                                           
[22] ""                                                                                                       
[23] "% Equation 5"                                                                                           
[24] "\\begin{dmath}"                                                                                         
[25] "{i_{t}}={i0}+{i1}\\, {y_{t-1}}+{i2}\\, {y_{t}}+{i3}\\, {y_{t+1}}+{i4}\\, {r_{t}}+{i5}\\, {r_{t}}^{2}"   
[26] "\\end{dmath}"                                                                                           
[27] ""                                                                                                       
[28] "% Equation 6"                                                                                           
[29] "\\begin{dmath}"                                                                                         
[30] "{md_{t}}={m0}+{m1}\\, {y_{t}}+{m2}\\, {r_{t}}+{m3}\\, {r_{t}}^{2}"                                      
[31] "\\end{dmath}"                                                                                           
[32] ""                                                                                                       
[33] "% Equation 7"                                                                                           
[34] "\\begin{dmath}"                                                                                         
[35] "{md_{t}}={ms_{t}}"                                                                                      
[36] "\\end{dmath}"                                                                                           
[37] ""                                                                                                       
