[1] "\\label{income_static_single}" "{y}={c}+{i}+{g}"              
