 [1] "% Equation 1"                                                                                                
 [2] "\\begin{dmath}"                                                                                              
 [3] "{t_{t}}=-15+0.22\\, {y_{t}}+{ut_{t}}"                                                                        
 [4] "\\end{dmath}"                                                                                                
 [5] ""                                                                                                            
 [6] "% Equation 2"                                                                                                
 [7] "\\begin{dmath}"                                                                                              
 [8] "{y_{t}}={c_{t}}+{i_{t}}+{g_{t}}"                                                                             
 [9] "\\end{dmath}"                                                                                                
[10] ""                                                                                                            
[11] "% Equation 3"                                                                                                
[12] "\\begin{dmath}"                                                                                              
[13] "\\label{dispensible_income_dynamic}"                                                                         
[14] "{yd_{t}}={y_{t}}-{t_{t}}"                                                                                    
[15] "\\end{dmath}"                                                                                                
[16] ""                                                                                                            
[17] "% Equation 4"                                                                                                
[18] "\\begin{dmath}"                                                                                              
[19] "{c_{t}}=100+0.2812\\, {yd_{t-1}}+0.32\\, {yd_{t}}+0.1\\, {yd_{t+1}}+-20\\, {r_{t}}+1\\, {r_{t}}^{2}+{uc_{t}}"
[20] "\\end{dmath}"                                                                                                
[21] ""                                                                                                            
[22] "% Equation 5"                                                                                                
[23] "\\begin{dmath}"                                                                                              
[24] "{i_{t}}=100+0.12\\, {y_{t-1}}+0.08\\, {y_{t}}+0.04\\, {y_{t+1}}+-40\\, {r_{t}}+-1.5\\, {r_{t}}^{2}+{ui_{t}}" 
[25] "\\end{dmath}"                                                                                                
[26] ""                                                                                                            
[27] "% Equation 6"                                                                                                
[28] "\\begin{dmath}"                                                                                              
[29] "{md_{t}}=75+0.23\\, {y_{t}}+-35\\, {r_{t}}+-1.5\\, {r_{t}}^{2}+{umd_{t}}"                                    
[30] "\\end{dmath}"                                                                                                
[31] ""                                                                                                            
[32] "% Equation 7"                                                                                                
[33] "\\begin{dmath}"                                                                                              
[34] "{md_{t}}={ms_{t}}"                                                                                           
[35] "\\end{dmath}"                                                                                                
[36] ""                                                                                                            
