[1] "\\label{consumption_dynamic_single}"                                                                    
[2] "{c_{t}}={c0}+{c1}\\, {yd_{t-1}}+{c2}\\, {yd_{t}}+{c3}\\, {yd_{t+1}}+{c4}\\, {r_{t}}+{c5}\\, {r_{t}}^{2}"
