 [1] "% Equation 1"                                                                
 [2] "\\begin{dmath}"                                                              
 [3] "{t}=-15+0.22\\, {y}+{ut}"                                                    
 [4] "\\end{dmath}"                                                                
 [5] ""                                                                            
 [6] "% Equation 2"                                                                
 [7] "\\begin{dmath}"                                                              
 [8] "{y}={c}+{i}+{g}"                                                             
 [9] "\\end{dmath}"                                                                
[10] ""                                                                            
[11] "% Equation 3"                                                                
[12] "\\begin{dmath}"                                                              
[13] "\\label{dispensible_income_static}"                                          
[14] "{yd}={y}-{t}"                                                                
[15] "\\end{dmath}"                                                                
[16] ""                                                                            
[17] "% Equation 4"                                                                
[18] "\\begin{dmath}"                                                              
[19] "{c}=100+0.2812\\, {yd}+0.32\\, {yd}+0.1\\, {yd}+-20\\, {r}+1\\, {r}^{2}+{uc}"
[20] "\\end{dmath}"                                                                
[21] ""                                                                            
[22] "% Equation 5"                                                                
[23] "\\begin{dmath}"                                                              
[24] "{i}=100+0.12\\, {y}+0.08\\, {y}+0.04\\, {y}+-40\\, {r}+-1.5\\, {r}^{2}+{ui}" 
[25] "\\end{dmath}"                                                                
[26] ""                                                                            
[27] "% Equation 6"                                                                
[28] "\\begin{dmath}"                                                              
[29] "{md}=75+0.23\\, {y}+-35\\, {r}+-1.5\\, {r}^{2}+{umd}"                        
[30] "\\end{dmath}"                                                                
[31] ""                                                                            
[32] "% Equation 7"                                                                
[33] "\\begin{dmath}"                                                              
[34] "{md}={ms}"                                                                   
[35] "\\end{dmath}"                                                                
[36] ""                                                                            
