[1] "\\label{dispensible_income_dynamic_fit_single}"
[2] "{yd_{t}}={y_{t}}-{t_{t}}"                      
