[1] "\\label{income_dynamic_single}"  "{y_{t}}={c_{t}}+{i_{t}}+{g_{t}}"
