
Solving with stacked time method for period 2015Q2/2016Q3
Initial value of function contains non-finite values (starting at index=1)
Non-finite values in residuals for the following equations and periods:
       eq_1 eq_2 eq_3
2015Q2 NA   NaN  NaN 

