Initial value of function contains non-finite values (starting at index=1)
Non-finite values in residuals for the following equations:
eq 1 eq 2 eq 3 
-Inf  NaN  NaN 
